Resolving dependencies...
Downloading packages...
  _flutterfire_internals 1.3.59 (1.3.65 available)
  characters 1.4.0 (1.4.1 available)
  cloud_firestore 5.6.12 (6.1.1 available)
  cloud_firestore_platform_interface 6.6.12 (7.0.5 available)
  cloud_firestore_web 4.4.12 (5.1.1 available)
  cloud_functions 5.6.2 (6.0.5 available)
  cloud_functions_platform_interface 5.8.2 (5.8.8 available)
  cloud_functions_web 4.11.5 (5.1.1 available)
  ffi 2.1.4 (2.1.5 available)
  file_picker 8.3.7 (10.3.8 available)
  firebase_auth 5.7.0 (6.1.3 available)
  firebase_auth_platform_interface 7.7.3 (8.1.5 available)
  firebase_auth_web 5.15.3 (6.1.1 available)
  firebase_core 3.15.2 (4.3.0 available)
  firebase_core_web 2.24.1 (3.3.1 available)
  firebase_database 11.3.10 (12.1.1 available)
  firebase_database_platform_interface 0.2.6+10 (0.3.0+1 available)
  firebase_database_web 0.2.6+16 (0.2.7+2 available)
  firebase_messaging 15.2.10 (16.1.0 available)
  firebase_messaging_platform_interface 4.6.10 (4.7.5 available)
  firebase_messaging_web 3.10.10 (4.1.1 available)
  firebase_storage 12.4.10 (13.0.5 available)
  firebase_storage_platform_interface 5.2.10 (5.2.16 available)
  firebase_storage_web 3.10.17 (3.11.1 available)
  flutter_local_notifications 17.2.4 (19.5.0 available)
  flutter_local_notifications_linux 4.0.1 (6.0.0 available)
  flutter_local_notifications_platform_interface 7.2.0 (9.1.0 available)
  flutter_secure_storage 9.2.4 (10.0.0 available)
  flutter_secure_storage_linux 1.2.3 (3.0.0 available)
  flutter_secure_storage_macos 3.1.3 (4.0.0 available)
  flutter_secure_storage_platform_interface 1.1.2 (2.0.1 available)
  flutter_secure_storage_web 1.2.1 (2.1.0 available)
  flutter_secure_storage_windows 3.1.2 (4.1.0 available)
  flutter_tts 4.2.3 (4.2.5 available)
  geocoding 3.0.0 (4.0.0 available)
  geocoding_android 3.3.1 (4.0.1 available)
  geocoding_platform_interface 3.2.0 (5.0.0 available)
  geolocator 13.0.4 (14.0.2 available)
  geolocator_android 4.6.2 (5.0.2 available)
  google_maps_flutter_android 2.18.6 (2.18.9 available)
  google_maps_flutter_ios 2.15.7 (2.16.1 available)
  image 4.5.4 (4.7.2 available)
  js 0.6.7 (0.7.2 available)
  local_auth 2.3.0 (3.0.0 available)
  local_auth_android 1.0.56 (2.0.4 available)
  local_auth_darwin 1.6.1 (2.0.1 available)
  local_auth_windows 1.0.11 (2.0.1 available)
  matcher 0.12.17 (0.12.18 available)
  material_color_utilities 0.11.1 (0.13.0 available)
  path_provider_foundation 2.5.1 (2.6.0 available)
  test_api 0.7.7 (0.7.9 available)
  timezone 0.9.4 (0.11.0 available)
  webview_flutter 4.13.0 (4.13.1 available)
Got dependencies!
53 packages have newer versions incompatible with dependency constraints.
Try `flutter pub outdated` for more information.
Analyzing home_conductor.dart...                                

warning - Unused import: 'package:flutter_polyline_points/flutter_polyline_points.dart' - lib\pantallas\autenticacion\home_conductor.dart:4:8 - unused_import
warning - Unused import: 'package:url_launcher/url_launcher.dart' - lib\pantallas\autenticacion\home_conductor.dart:10:8 - unused_import
warning - Unused import: 'package:taxi_sabana/widgets/calificacion_modal.dart' - lib\pantallas\autenticacion\home_conductor.dart:23:8 - unused_import
warning - Unused import: 'dart:convert' - lib\pantallas\autenticacion\home_conductor.dart:27:8 - unused_import
warning - Unused import: 'package:http/http.dart' - lib\pantallas\autenticacion\home_conductor.dart:28:8 - unused_import
warning - Unused import: 'package:android_intent_plus/android_intent.dart' - lib\pantallas\autenticacion\home_conductor.dart:43:8 - unused_import
warning - Unused import: 'package:android_intent_plus/flag.dart' - lib\pantallas\autenticacion\home_conductor.dart:44:8 - unused_import
warning - Duplicate import - lib\pantallas\autenticacion\home_conductor.dart:47:8 - duplicate_import
warning - Duplicate import - lib\pantallas\autenticacion\home_conductor.dart:48:8 - duplicate_import
warning - Duplicate import - lib\pantallas\autenticacion\home_conductor.dart:49:8 - duplicate_import
warning - The value of the field '_ratingCount' isn't used - lib\pantallas\autenticacion\home_conductor.dart:89:7 - unused_field
warning - The value of the field '_ultimaPosKnown' isn't used - lib\pantallas\autenticacion\home_conductor.dart:108:11 - unused_field
warning - The value of the field '_docsStatus' isn't used - lib\pantallas\autenticacion\home_conductor.dart:119:24 - unused_field
   info - The private field _estadoConductor could be 'final' - lib\pantallas\autenticacion\home_conductor.dart:120:10 - prefer_final_fields
warning - The value of the field '_estadoConductor' isn't used - lib\pantallas\autenticacion\home_conductor.dart:120:10 - unused_field
warning - The value of the field '_peerMarkers' isn't used - lib\pantallas\autenticacion\home_conductor.dart:160:29 - unused_field
warning - The value of the field '_fotoVehiculo' isn't used - lib\pantallas\autenticacion\home_conductor.dart:174:10 - unused_field
warning - The value of the field '_carTicker' isn't used - lib\pantallas\autenticacion\home_conductor.dart:183:11 - unused_field
   info - The private field _animatedPos could be 'final' - lib\pantallas\autenticacion\home_conductor.dart:200:10 - prefer_final_fields
warning - The value of the field '_animatedPos' isn't used - lib\pantallas\autenticacion\home_conductor.dart:200:10 - unused_field
   info - The private field _animatedHeading could be 'final' - lib\pantallas\autenticacion\home_conductor.dart:201:10 - prefer_final_fields
warning - The value of the field '_animatedHeading' isn't used - lib\pantallas\autenticacion\home_conductor.dart:201:10 - unused_field
   info - Unnecessary use of multiple underscores - lib\pantallas\autenticacion\home_conductor.dart:534:41 - unnecessary_underscores
   info - 'withOpacity' is deprecated and shouldn't be used. Use .withValues() to avoid precision loss - lib\pantallas\autenticacion\home_conductor.dart:540:70 - deprecated_member_use
   info - 'withOpacity' is deprecated and shouldn't be used. Use .withValues() to avoid precision loss - lib\pantallas\autenticacion\home_conductor.dart:540:102 - deprecated_member_use
   info - 'withOpacity' is deprecated and shouldn't be used. Use .withValues() to avoid precision loss - lib\pantallas\autenticacion\home_conductor.dart:543:72 - deprecated_member_use
   info - 'setMapStyle' is deprecated and shouldn't be used. Use GoogleMap.style instead - lib\pantallas\autenticacion\home_conductor.dart:873:54 - deprecated_member_use
   info - 'setMapStyle' is deprecated and shouldn't be used. Use GoogleMap.style instead - lib\pantallas\autenticacion\home_conductor.dart:886:54 - deprecated_member_use
warning - The value of the field '_lastSnapHardAt' isn't used - lib\pantallas\autenticacion\home_conductor.dart:935:13 - unused_field
warning - The value of the field '_snapMinSeconds' isn't used - lib\pantallas\autenticacion\home_conductor.dart:936:20 - unused_field
warning - The value of the field '_snapMinMeters' isn't used - lib\pantallas\autenticacion\home_conductor.dart:937:23 - unused_field
warning - The value of the field '_snapOnlyIfAccuracyWorseThan' isn't used - lib\pantallas\autenticacion\home_conductor.dart:938:23 - unused_field
warning - The value of the field '_onlineDrivers' isn't used - lib\pantallas\autenticacion\home_conductor.dart:944:7 - unused_field
   info - The private field _pendientesAllCache could be 'final' - lib\pantallas\autenticacion\home_conductor.dart:953:30 - prefer_final_fields
warning - The value of the field '_pendientesAllCache' isn't used - lib\pantallas\autenticacion\home_conductor.dart:953:30 - unused_field
   info - The private field _seenServerPendientes could be 'final' - lib\pantallas\autenticacion\home_conductor.dart:954:8 - prefer_final_fields
warning - The value of the field '_seenServerPendientes' isn't used - lib\pantallas\autenticacion\home_conductor.dart:954:8 - unused_field
warning - The value of the field '_barriosValidos' isn't used - lib\pantallas\autenticacion\home_conductor.dart:958:15 - unused_field
warning - The value of the field '_idsBuscando' isn't used - lib\pantallas\autenticacion\home_conductor.dart:960:21 - unused_field
   info - 'desiredAccuracy' is deprecated and shouldn't be used. use settings parameter with AndroidSettings, AppleSettings, WebSettings, or LocationSettings - lib\pantallas\autenticacion\home_conductor.dart:1033:13 - deprecated_member_use
   info - 'timeLimit' is deprecated and shouldn't be used. use settings parameter with AndroidSettings, AppleSettings, WebSettings, or LocationSettings - lib\pantallas\autenticacion\home_conductor.dart:1034:13 - deprecated_member_use
warning - The declaration '_isFreshDriver' isn't referenced - lib\pantallas\autenticacion\home_conductor.dart:1173:8 - unused_element
   info - The local variable '_bool' starts with an underscore - lib\pantallas\autenticacion\home_conductor.dart:1315:14 - no_leading_underscores_for_local_identifiers
   info - Don't use 'BuildContext's across async gaps - lib\pantallas\autenticacion\home_conductor.dart:1366:16 - use_build_context_synchronously
   info - Don't use 'BuildContext's across async gaps - lib\pantallas\autenticacion\home_conductor.dart:1457:11 - use_build_context_synchronously
   info - 'WillPopScope' is deprecated and shouldn't be used. Use PopScope instead. The Android predictive back feature will not work with WillPopScope. This feature was deprecated after v3.12.0-1.0.pre - lib\pantallas\autenticacion\home_conductor.dart:1602:25 - deprecated_member_use
   info - 'withOpacity' is deprecated and shouldn't be used. Use .withValues() to avoid precision loss - lib\pantallas\autenticacion\home_conductor.dart:1660:105 - deprecated_member_use
   info - Unnecessary braces in a string interpolation - lib\pantallas\autenticacion\home_conductor.dart:1662:62 - unnecessary_brace_in_string_interps
   info - Unnecessary braces in a string interpolation - lib\pantallas\autenticacion\home_conductor.dart:1675:61 - unnecessary_brace_in_string_interps
warning - The declaration '_cargarBarriosCentrosOpcional' isn't referenced - lib\pantallas\autenticacion\home_conductor.dart:1805:16 - unused_element
   info - 'desiredAccuracy' is deprecated and shouldn't be used. use settings parameter with AndroidSettings, AppleSettings, WebSettings, or LocationSettings - lib\pantallas\autenticacion\home_conductor.dart:1851:7 - deprecated_member_use
warning - The value of the local variable 'rawAddr' isn't used - lib\pantallas\autenticacion\home_conductor.dart:2191:19 - unused_local_variable
warning - The value of the local variable 'forceOverride' isn't used - lib\pantallas\autenticacion\home_conductor.dart:2209:14 - unused_local_variable
warning - The value of the local variable 'rawAddr' isn't used - lib\pantallas\autenticacion\home_conductor.dart:2212:18 - unused_local_variable
warning - Dead code - lib\pantallas\autenticacion\home_conductor.dart:2371:44 - dead_code
warning - The left operand can't be null, so the right operand is never executed - lib\pantallas\autenticacion\home_conductor.dart:2371:47 - dead_null_aware_expression
   info - Don't invoke 'print' in production code - lib\pantallas\autenticacion\home_conductor.dart:2419:7 - avoid_print
   info - Don't invoke 'print' in production code - lib\pantallas\autenticacion\home_conductor.dart:2429:7 - avoid_print
warning - The declaration '_looksLikeBarrio' isn't referenced - lib\pantallas\autenticacion\home_conductor.dart:2488:10 - unused_element
warning - The declaration '_capitalize' isn't referenced - lib\pantallas\autenticacion\home_conductor.dart:2516:12 - unused_element
warning - The declaration '_listenOnlineDrivers' isn't referenced - lib\pantallas\autenticacion\home_conductor.dart:2545:8 - unused_element
warning - The value of the local variable 'placa' isn't used - lib\pantallas\autenticacion\home_conductor.dart:2623:16 - unused_local_variable
   info - 'zIndex' is deprecated and shouldn't be used. Use zIndexInt instead. On some platforms zIndex is truncated to an int, which can lead to incorrect/unstable ordering - lib\pantallas\autenticacion\home_conductor.dart:2644:14 - deprecated_member_use
warning - The declaration '_resolverBarrioParaViaje' isn't referenced - lib\pantallas\autenticacion\home_conductor.dart:2667:10 - unused_element
   info - The local variable '_norm' starts with an underscore - lib\pantallas\autenticacion\home_conductor.dart:2668:12 - no_leading_underscores_for_local_identifiers
   info - The local variable '_esCiudad' starts with an underscore - lib\pantallas\autenticacion\home_conductor.dart:2669:10 - no_leading_underscores_for_local_identifiers
   info - Don't invoke 'print' in production code - lib\pantallas\autenticacion\home_conductor.dart:2725:5 - avoid_print
   info - Don't invoke 'print' in production code - lib\pantallas\autenticacion\home_conductor.dart:2727:8 - avoid_print
   info - Don't invoke 'print' in production code - lib\pantallas\autenticacion\home_conductor.dart:2750:7 - avoid_print
warning - The '!' will have no effect because the receiver can't be null - lib\pantallas\autenticacion\home_conductor.dart:2772:66 - unnecessary_non_null_assertion
warning - The '!' will have no effect because the receiver can't be null - lib\pantallas\autenticacion\home_conductor.dart:2777:37 - unnecessary_non_null_assertion
warning - The '!' will have no effect because the receiver can't be null - lib\pantallas\autenticacion\home_conductor.dart:2777:45 - unnecessary_non_null_assertion
   info - Statements in an if should be enclosed in a block - lib\pantallas\autenticacion\home_conductor.dart:2778:42 - curly_braces_in_flow_control_structures
   info - Statements in an if should be enclosed in a block - lib\pantallas\autenticacion\home_conductor.dart:2779:49 - curly_braces_in_flow_control_structures
   info - Statements in an if should be enclosed in a block - lib\pantallas\autenticacion\home_conductor.dart:2780:50 - curly_braces_in_flow_control_structures
   info - Statements in an if should be enclosed in a block - lib\pantallas\autenticacion\home_conductor.dart:2781:51 - curly_braces_in_flow_control_structures
   info - Statements in an if should be enclosed in a block - lib\pantallas\autenticacion\home_conductor.dart:2782:53 - curly_braces_in_flow_control_structures
   info - Don't invoke 'print' in production code - lib\pantallas\autenticacion\home_conductor.dart:2786:13 - avoid_print
   info - Don't invoke 'print' in production code - lib\pantallas\autenticacion\home_conductor.dart:2797:10 - avoid_print
warning - The '!' will have no effect because the receiver can't be null - lib\pantallas\autenticacion\home_conductor.dart:2832:70 - unnecessary_non_null_assertion
warning - The '!' will have no effect because the receiver can't be null - lib\pantallas\autenticacion\home_conductor.dart:2836:41 - unnecessary_non_null_assertion
warning - The '!' will have no effect because the receiver can't be null - lib\pantallas\autenticacion\home_conductor.dart:2836:49 - unnecessary_non_null_assertion
   info - Statements in an if should be enclosed in a block - lib\pantallas\autenticacion\home_conductor.dart:2837:42 - curly_braces_in_flow_control_structures
   info - Statements in an if should be enclosed in a block - lib\pantallas\autenticacion\home_conductor.dart:2838:49 - curly_braces_in_flow_control_structures
   info - Statements in an if should be enclosed in a block - lib\pantallas\autenticacion\home_conductor.dart:2839:50 - curly_braces_in_flow_control_structures
   info - Statements in an if should be enclosed in a block - lib\pantallas\autenticacion\home_conductor.dart:2840:51 - curly_braces_in_flow_control_structures
   info - Statements in an if should be enclosed in a block - lib\pantallas\autenticacion\home_conductor.dart:2841:53 - curly_braces_in_flow_control_structures
   info - Don't invoke 'print' in production code - lib\pantallas\autenticacion\home_conductor.dart:2855:5 - avoid_print
warning - The '!' will have no effect because the receiver can't be null - lib\pantallas\autenticacion\home_conductor.dart:3044:46 - unnecessary_non_null_assertion
warning - Dead code - lib\pantallas\autenticacion\home_conductor.dart:3056:36 - dead_code
warning - The left operand can't be null, so the right operand is never executed - lib\pantallas\autenticacion\home_conductor.dart:3056:39 - dead_null_aware_expression
warning - The left operand can't be null, so the right operand is never executed - lib\pantallas\autenticacion\home_conductor.dart:3060:34 - dead_null_aware_expression
warning - The operand can't be 'null', so the condition is always 'true' - lib\pantallas\autenticacion\home_conductor.dart:3101:58 - unnecessary_null_comparison
warning - The left operand can't be null, so the right operand is never executed - lib\pantallas\autenticacion\home_conductor.dart:3112:38 - dead_null_aware_expression
   info - The local variable '_tally' starts with an underscore - lib\pantallas\autenticacion\home_conductor.dart:3225:10 - no_leading_underscores_for_local_identifiers
warning - The '!' will have no effect because the receiver can't be null - lib\pantallas\autenticacion\home_conductor.dart:3236:34 - unnecessary_non_null_assertion
   info - Statements in an if should be enclosed in a block - lib\pantallas\autenticacion\home_conductor.dart:3237:38 - curly_braces_in_flow_control_structures
   info - Statements in an if should be enclosed in a block - lib\pantallas\autenticacion\home_conductor.dart:3238:45 - curly_braces_in_flow_control_structures
   info - Statements in an if should be enclosed in a block - lib\pantallas\autenticacion\home_conductor.dart:3239:46 - curly_braces_in_flow_control_structures
   info - Statements in an if should be enclosed in a block - lib\pantallas\autenticacion\home_conductor.dart:3240:47 - curly_braces_in_flow_control_structures
   info - Statements in an if should be enclosed in a block - lib\pantallas\autenticacion\home_conductor.dart:3241:49 - curly_braces_in_flow_control_structures
   info - The parameter name 'sum' matches a visible type name - lib\pantallas\autenticacion\home_conductor.dart:3280:53 - avoid_types_as_parameter_names
   info - The local variable '_normTxt' starts with an underscore - lib\pantallas\autenticacion\home_conductor.dart:3415:12 - no_leading_underscores_for_local_identifiers
   info - The local variable '_toDouble' starts with an underscore - lib\pantallas\autenticacion\home_conductor.dart:3428:12 - no_leading_underscores_for_local_identifiers
   info - The local variable '_toMoney' starts with an underscore - lib\pantallas\autenticacion\home_conductor.dart:3436:9 - no_leading_underscores_for_local_identifiers
   info - The local variable '_roundTo' starts with an underscore - lib\pantallas\autenticacion\home_conductor.dart:3463:9 - no_leading_underscores_for_local_identifiers
   info - The local variable '_readPoint' starts with an underscore - lib\pantallas\autenticacion\home_conductor.dart:3468:26 - no_leading_underscores_for_local_identifiers
   info - The local variable '_calcularTarifaMemoria' starts with an underscore - lib\pantallas\autenticacion\home_conductor.dart:3498:17 - no_leading_underscores_for_local_identifiers
   info - The local variable '_mapOrEmpty' starts with an underscore - lib\pantallas\autenticacion\home_conductor.dart:3543:28 - no_leading_underscores_for_local_identifiers
   info - The local variable '_buscarEnDestinos' starts with an underscore - lib\pantallas\autenticacion\home_conductor.dart:3549:12 - no_leading_underscores_for_local_identifiers
   info - The local variable '_valorPorRangoKm' starts with an underscore - lib\pantallas\autenticacion\home_conductor.dart:3593:11 - no_leading_underscores_for_local_identifiers
warning - Unnecessary cast - lib\pantallas\autenticacion\home_conductor.dart:3647:20 - unnecessary_cast
warning - Unnecessary cast - lib\pantallas\autenticacion\home_conductor.dart:3652:26 - unnecessary_cast
warning - The value of the local variable 'tarifaFinal' isn't used - lib\pantallas\autenticacion\home_conductor.dart:3714:19 - unused_local_variable
warning - The value of the local variable 'yaTraeTarifa' isn't used - lib\pantallas\autenticacion\home_conductor.dart:3716:15 - unused_local_variable
   info - Don't use 'BuildContext's across async gaps - lib\pantallas\autenticacion\home_conductor.dart:3849:35 - use_build_context_synchronously
   info - Don't use 'BuildContext's across async gaps - lib\pantallas\autenticacion\home_conductor.dart:3850:30 - use_build_context_synchronously
   info - Don't use 'BuildContext's across async gaps - lib\pantallas\autenticacion\home_conductor.dart:3854:16 - use_build_context_synchronously
   info - 'withOpacity' is deprecated and shouldn't be used. Use .withValues() to avoid precision loss - lib\pantallas\autenticacion\home_conductor.dart:4058:56 - deprecated_member_use
   info - 'withOpacity' is deprecated and shouldn't be used. Use .withValues() to avoid precision loss - lib\pantallas\autenticacion\home_conductor.dart:4080:45 - deprecated_member_use
   info - Statements in an if should be enclosed in a block - lib\pantallas\autenticacion\home_conductor.dart:4205:24 - curly_braces_in_flow_control_structures
   info - Statements in an if should be enclosed in a block - lib\pantallas\autenticacion\home_conductor.dart:4206:47 - curly_braces_in_flow_control_structures
   info - Statements in an if should be enclosed in a block - lib\pantallas\autenticacion\home_conductor.dart:4207:48 - curly_braces_in_flow_control_structures
   info - 'withOpacity' is deprecated and shouldn't be used. Use .withValues() to avoid precision loss - lib\pantallas\autenticacion\home_conductor.dart:4688:57 - deprecated_member_use
   info - 'withOpacity' is deprecated and shouldn't be used. Use .withValues() to avoid precision loss - lib\pantallas\autenticacion\home_conductor.dart:4689:53 - deprecated_member_use
   info - 'withOpacity' is deprecated and shouldn't be used. Use .withValues() to avoid precision loss - lib\pantallas\autenticacion\home_conductor.dart:4691:98 - deprecated_member_use
   info - Unnecessary use of multiple underscores - lib\pantallas\autenticacion\home_conductor.dart:4750:51 - unnecessary_underscores
   info - 'withOpacity' is deprecated and shouldn't be used. Use .withValues() to avoid precision loss - lib\pantallas\autenticacion\home_conductor.dart:4762:55 - deprecated_member_use
   info - 'withOpacity' is deprecated and shouldn't be used. Use .withValues() to avoid precision loss - lib\pantallas\autenticacion\home_conductor.dart:4882:47 - deprecated_member_use
   info - 'withOpacity' is deprecated and shouldn't be used. Use .withValues() to avoid precision loss - lib\pantallas\autenticacion\home_conductor.dart:4883:46 - deprecated_member_use
   info - 'withOpacity' is deprecated and shouldn't be used. Use .withValues() to avoid precision loss - lib\pantallas\autenticacion\home_conductor.dart:4888:43 - deprecated_member_use
   info - The local variable '_resolveColor' starts with an underscore - lib\pantallas\autenticacion\home_conductor.dart:4979:11 - no_leading_underscores_for_local_identifiers
   info - 'withOpacity' is deprecated and shouldn't be used. Use .withValues() to avoid precision loss - lib\pantallas\autenticacion\home_conductor.dart:5002:23 - deprecated_member_use
   info - 'withOpacity' is deprecated and shouldn't be used. Use .withValues() to avoid precision loss - lib\pantallas\autenticacion\home_conductor.dart:5003:60 - deprecated_member_use
   info - 'withOpacity' is deprecated and shouldn't be used. Use .withValues() to avoid precision loss - lib\pantallas\autenticacion\home_conductor.dart:5005:43 - deprecated_member_use
   info - 'withOpacity' is deprecated and shouldn't be used. Use .withValues() to avoid precision loss - lib\pantallas\autenticacion\home_conductor.dart:5019:29 - deprecated_member_use
   info - 'setMapStyle' is deprecated and shouldn't be used. Use GoogleMap.style instead - lib\pantallas\autenticacion\home_conductor.dart:5040:15 - deprecated_member_use
   info - 'withOpacity' is deprecated and shouldn't be used. Use .withValues() to avoid precision loss - lib\pantallas\autenticacion\home_conductor.dart:5076:67 - deprecated_member_use
   info - 'withOpacity' is deprecated and shouldn't be used. Use .withValues() to avoid precision loss - lib\pantallas\autenticacion\home_conductor.dart:5095:63 - deprecated_member_use
   info - 'withOpacity' is deprecated and shouldn't be used. Use .withValues() to avoid precision loss - lib\pantallas\autenticacion\home_conductor.dart:5139:62 - deprecated_member_use
   info - 'withOpacity' is deprecated and shouldn't be used. Use .withValues() to avoid precision loss - lib\pantallas\autenticacion\home_conductor.dart:5147:45 - deprecated_member_use
   info - 'withOpacity' is deprecated and shouldn't be used. Use .withValues() to avoid precision loss - lib\pantallas\autenticacion\home_conductor.dart:5163:85 - deprecated_member_use
   info - 'withOpacity' is deprecated and shouldn't be used. Use .withValues() to avoid precision loss - lib\pantallas\autenticacion\home_conductor.dart:5164:98 - deprecated_member_use
   info - 'withOpacity' is deprecated and shouldn't be used. Use .withValues() to avoid precision loss - lib\pantallas\autenticacion\home_conductor.dart:5177:41 - deprecated_member_use
   info - Unnecessary braces in a string interpolation - lib\pantallas\autenticacion\home_conductor.dart:5197:32 - unnecessary_brace_in_string_interps
   info - Unnecessary braces in a string interpolation - lib\pantallas\autenticacion\home_conductor.dart:5197:50 - unnecessary_brace_in_string_interps
   info - 'withOpacity' is deprecated and shouldn't be used. Use .withValues() to avoid precision loss - lib\pantallas\autenticacion\home_conductor.dart:5218:43 - deprecated_member_use
   info - 'withOpacity' is deprecated and shouldn't be used. Use .withValues() to avoid precision loss - lib\pantallas\autenticacion\home_conductor.dart:5235:63 - deprecated_member_use
   info - 'withOpacity' is deprecated and shouldn't be used. Use .withValues() to avoid precision loss - lib\pantallas\autenticacion\home_conductor.dart:5274:41 - deprecated_member_use
   info - 'withOpacity' is deprecated and shouldn't be used. Use .withValues() to avoid precision loss - lib\pantallas\autenticacion\home_conductor.dart:5327:53 - deprecated_member_use
   info - 'withOpacity' is deprecated and shouldn't be used. Use .withValues() to avoid precision loss - lib\pantallas\autenticacion\home_conductor.dart:5327:86 - deprecated_member_use
   info - 'activeColor' is deprecated and shouldn't be used. Use activeThumbColor instead. This feature was deprecated after v3.31.0-2.0.pre - lib\pantallas\autenticacion\home_conductor.dart:5340:21 - deprecated_member_use
   info - 'withOpacity' is deprecated and shouldn't be used. Use .withValues() to avoid precision loss - lib\pantallas\autenticacion\home_conductor.dart:5341:64 - deprecated_member_use
   info - Don't invoke 'print' in production code - lib\pantallas\autenticacion\home_conductor.dart:5413:46 - avoid_print
warning - This 'onError' handler must return a value assignable to 'bool?', but ends without returning a value - lib\pantallas\autenticacion\home_conductor.dart:5417:81 - body_might_complete_normally_catch_error
   info - 'withOpacity' is deprecated and shouldn't be used. Use .withValues() to avoid precision loss - lib\pantallas\autenticacion\home_conductor.dart:5447:52 - deprecated_member_use
   info - 'withOpacity' is deprecated and shouldn't be used. Use .withValues() to avoid precision loss - lib\pantallas\autenticacion\home_conductor.dart:5461:24 - deprecated_member_use
   info - 'withOpacity' is deprecated and shouldn't be used. Use .withValues() to avoid precision loss - lib\pantallas\autenticacion\home_conductor.dart:5467:56 - deprecated_member_use
   info - 'withOpacity' is deprecated and shouldn't be used. Use .withValues() to avoid precision loss - lib\pantallas\autenticacion\home_conductor.dart:5476:29 - deprecated_member_use
   info - 'withOpacity' is deprecated and shouldn't be used. Use .withValues() to avoid precision loss - lib\pantallas\autenticacion\home_conductor.dart:5486:28 - deprecated_member_use
   info - 'withOpacity' is deprecated and shouldn't be used. Use .withValues() to avoid precision loss - lib\pantallas\autenticacion\home_conductor.dart:5519:39 - deprecated_member_use
   info - 'withOpacity' is deprecated and shouldn't be used. Use .withValues() to avoid precision loss - lib\pantallas\autenticacion\home_conductor.dart:5519:74 - deprecated_member_use
   info - 'withOpacity' is deprecated and shouldn't be used. Use .withValues() to avoid precision loss - lib\pantallas\autenticacion\home_conductor.dart:5520:47 - deprecated_member_use
   info - 'withOpacity' is deprecated and shouldn't be used. Use .withValues() to avoid precision loss - lib\pantallas\autenticacion\home_conductor.dart:5520:90 - deprecated_member_use
   info - 'withOpacity' is deprecated and shouldn't be used. Use .withValues() to avoid precision loss - lib\pantallas\autenticacion\home_conductor.dart:5524:75 - deprecated_member_use
   info - 'withOpacity' is deprecated and shouldn't be used. Use .withValues() to avoid precision loss - lib\pantallas\autenticacion\home_conductor.dart:5524:119 - deprecated_member_use
warning - The declaration '_kpiCard' isn't referenced - lib\pantallas\autenticacion\home_conductor.dart:5623:10 - unused_element
   info - 'withOpacity' is deprecated and shouldn't be used. Use .withValues() to avoid precision loss - lib\pantallas\autenticacion\home_conductor.dart:5627:29 - deprecated_member_use
   info - 'withOpacity' is deprecated and shouldn't be used. Use .withValues() to avoid precision loss - lib\pantallas\autenticacion\home_conductor.dart:5672:29 - deprecated_member_use
   info - 'withOpacity' is deprecated and shouldn't be used. Use .withValues() to avoid precision loss - lib\pantallas\autenticacion\home_conductor.dart:5694:39 - deprecated_member_use
warning - The value of the local variable 'index' isn't used - lib\pantallas\autenticacion\home_conductor.dart:5764:19 - unused_local_variable
   info - 'withOpacity' is deprecated and shouldn't be used. Use .withValues() to avoid precision loss - lib\pantallas\autenticacion\home_conductor.dart:5794:38 - deprecated_member_use
   info - 'withOpacity' is deprecated and shouldn't be used. Use .withValues() to avoid precision loss - lib\pantallas\autenticacion\home_conductor.dart:5808:49 - deprecated_member_use
warning - The declaration '_cardZona' isn't referenced - lib\pantallas\autenticacion\home_conductor.dart:5907:10 - unused_element
   info - 'withOpacity' is deprecated and shouldn't be used. Use .withValues() to avoid precision loss - lib\pantallas\autenticacion\home_conductor.dart:5912:43 - deprecated_member_use
   info - 'withOpacity' is deprecated and shouldn't be used. Use .withValues() to avoid precision loss - lib\pantallas\autenticacion\home_conductor.dart:5968:23 - deprecated_member_use
   info - 'withOpacity' is deprecated and shouldn't be used. Use .withValues() to avoid precision loss - lib\pantallas\autenticacion\home_conductor.dart:5970:42 - deprecated_member_use
   info - 'withOpacity' is deprecated and shouldn't be used. Use .withValues() to avoid precision loss - lib\pantallas\autenticacion\home_conductor.dart:5980:29 - deprecated_member_use
   info - Unnecessary use of multiple underscores - lib\pantallas\autenticacion\home_conductor.dart:6049:49 - unnecessary_underscores
warning - The value of the local variable 'textoTarifa' isn't used - lib\pantallas\autenticacion\home_conductor.dart:6087:42 - unused_local_variable
warning - The value of the local variable 'barrioMostrado' isn't used - lib\pantallas\autenticacion\home_conductor.dart:6095:35 - unused_local_variable
   info - 'withOpacity' is deprecated and shouldn't be used. Use .withValues() to avoid precision loss - lib\pantallas\autenticacion\home_conductor.dart:6105:70 - deprecated_member_use
   info - 'withOpacity' is deprecated and shouldn't be used. Use .withValues() to avoid precision loss - lib\pantallas\autenticacion\home_conductor.dart:6194:67 - deprecated_member_use
   info - 'withOpacity' is deprecated and shouldn't be used. Use .withValues() to avoid precision loss - lib\pantallas\autenticacion\home_conductor.dart:6229:71 - deprecated_member_use
   info - 'withOpacity' is deprecated and shouldn't be used. Use .withValues() to avoid precision loss - lib\pantallas\autenticacion\home_conductor.dart:6243:72 - deprecated_member_use
   info - 'withOpacity' is deprecated and shouldn't be used. Use .withValues() to avoid precision loss - lib\pantallas\autenticacion\home_conductor.dart:6382:37 - deprecated_member_use
   info - 'withOpacity' is deprecated and shouldn't be used. Use .withValues() to avoid precision loss - lib\pantallas\autenticacion\home_conductor.dart:6394:51 - deprecated_member_use
   info - 'withOpacity' is deprecated and shouldn't be used. Use .withValues() to avoid precision loss - lib\pantallas\autenticacion\home_conductor.dart:6427:50 - deprecated_member_use
   info - 'withOpacity' is deprecated and shouldn't be used. Use .withValues() to avoid precision loss - lib\pantallas\autenticacion\home_conductor.dart:6482:57 - deprecated_member_use
   info - 'withOpacity' is deprecated and shouldn't be used. Use .withValues() to avoid precision loss - lib\pantallas\autenticacion\home_conductor.dart:6484:76 - deprecated_member_use
   info - 'withOpacity' is deprecated and shouldn't be used. Use .withValues() to avoid precision loss - lib\pantallas\autenticacion\home_conductor.dart:6516:67 - deprecated_member_use
   info - 'withOpacity' is deprecated and shouldn't be used. Use .withValues() to avoid precision loss - lib\pantallas\autenticacion\home_conductor.dart:6516:100 - deprecated_member_use
   info - 'withOpacity' is deprecated and shouldn't be used. Use .withValues() to avoid precision loss - lib\pantallas\autenticacion\home_conductor.dart:6526:59 - deprecated_member_use
warning - The declaration '_cardOferta' isn't referenced - lib\pantallas\autenticacion\home_conductor.dart:6565:10 - unused_element
warning - A value for optional parameter 'barrioMostrado' isn't ever given - lib\pantallas\autenticacion\home_conductor.dart:6565:54 - unused_element_parameter
warning - The value of the local variable 'dist' isn't used - lib\pantallas\autenticacion\home_conductor.dart:6587:11 - unused_local_variable
   info - 'withOpacity' is deprecated and shouldn't be used. Use .withValues() to avoid precision loss - lib\pantallas\autenticacion\home_conductor.dart:6596:42 - deprecated_member_use
warning - The '!' will have no effect because the receiver can't be null - lib\pantallas\autenticacion\home_conductor.dart:6721:23 - unnecessary_non_null_assertion
warning - The '!' will have no effect because the receiver can't be null - lib\pantallas\autenticacion\home_conductor.dart:6728:23 - unnecessary_non_null_assertion
   info - The local variable '_toDouble' starts with an underscore - lib\pantallas\autenticacion\home_conductor.dart:6730:16 - no_leading_underscores_for_local_identifiers
   info - The local variable '_toDouble' starts with an underscore - lib\pantallas\autenticacion\home_conductor.dart:6748:12 - no_leading_underscores_for_local_identifiers
   info - Don't invoke 'print' in production code - lib\pantallas\autenticacion\home_conductor.dart:6946:27 - avoid_print
   info - Don't invoke 'print' in production code - lib\pantallas\autenticacion\home_conductor.dart:6974:32 - avoid_print
   info - Don't invoke 'print' in production code - lib\pantallas\autenticacion\home_conductor.dart:6981:32 - avoid_print
   info - Don't invoke 'print' in production code - lib\pantallas\autenticacion\home_conductor.dart:6986:35 - avoid_print
   info - Don't invoke 'print' in production code - lib\pantallas\autenticacion\home_conductor.dart:6993:50 - avoid_print
   info - 'withOpacity' is deprecated and shouldn't be used. Use .withValues() to avoid precision loss - lib\pantallas\autenticacion\home_conductor.dart:7037:98 - deprecated_member_use
   info - 'withOpacity' is deprecated and shouldn't be used. Use .withValues() to avoid precision loss - lib\pantallas\autenticacion\home_conductor.dart:7058:91 - deprecated_member_use
   info - 'withOpacity' is deprecated and shouldn't be used. Use .withValues() to avoid precision loss - lib\pantallas\autenticacion\home_conductor.dart:7186:31 - deprecated_member_use
warning - The declaration '_countIcon' isn't referenced - lib\pantallas\autenticacion\home_conductor.dart:7236:10 - unused_element
   info - 'fromBytes' is deprecated and shouldn't be used. Use BitmapDescriptor.bytes method instead - lib\pantallas\autenticacion\home_conductor.dart:7275:37 - deprecated_member_use
   info - 'zIndex' is deprecated and shouldn't be used. Use zIndexInt instead. On some platforms zIndex is truncated to an int, which can lead to incorrect/unstable ordering - lib\pantallas\autenticacion\home_conductor.dart:7309:11 - deprecated_member_use
warning - The declaration '_calcBoundingBox' isn't referenced - lib\pantallas\autenticacion\home_conductor.dart:7339:9 - unused_element
warning - The value of the field '_lastSnapPos' isn't used - lib\pantallas\autenticacion\home_conductor.dart:7358:11 - unused_field
   info - The private field _snapInFlight could be 'final' - lib\pantallas\autenticacion\home_conductor.dart:7359:8 - prefer_final_fields
warning - The value of the field '_snapInFlight' isn't used - lib\pantallas\autenticacion\home_conductor.dart:7359:8 - unused_field
warning - The declaration '_docColor' isn't referenced - lib\pantallas\autenticacion\home_conductor.dart:7395:9 - unused_element
   info - 'withOpacity' is deprecated and shouldn't be used. Use .withValues() to avoid precision loss - lib\pantallas\autenticacion\home_conductor.dart:7449:87 - deprecated_member_use
   info - 'withOpacity' is deprecated and shouldn't be used. Use .withValues() to avoid precision loss - lib\pantallas\autenticacion\home_conductor.dart:7461:67 - deprecated_member_use
   info - 'withOpacity' is deprecated and shouldn't be used. Use .withValues() to avoid precision loss - lib\pantallas\autenticacion\home_conductor.dart:7536:63 - deprecated_member_use
   info - 'withOpacity' is deprecated and shouldn't be used. Use .withValues() to avoid precision loss - lib\pantallas\autenticacion\home_conductor.dart:7538:82 - deprecated_member_use
   info - 'withOpacity' is deprecated and shouldn't be used. Use .withValues() to avoid precision loss - lib\pantallas\autenticacion\home_conductor.dart:7596:81 - deprecated_member_use
   info - 'withOpacity' is deprecated and shouldn't be used. Use .withValues() to avoid precision loss - lib\pantallas\autenticacion\home_conductor.dart:7618:75 - deprecated_member_use
   info - Don't use 'BuildContext's across async gaps - lib\pantallas\autenticacion\home_conductor.dart:7650:51 - use_build_context_synchronously
   info - 'WillPopScope' is deprecated and shouldn't be used. Use PopScope instead. The Android predictive back feature will not work with WillPopScope. This feature was deprecated after v3.12.0-1.0.pre - lib\pantallas\autenticacion\home_conductor.dart:7692:16 - deprecated_member_use
   info - Don't use 'BuildContext's across async gaps, guarded by an unrelated 'mounted' check - lib\pantallas\autenticacion\home_conductor.dart:7809:41 - use_build_context_synchronously
   info - 'withOpacity' is deprecated and shouldn't be used. Use .withValues() to avoid precision loss - lib\pantallas\autenticacion\home_conductor.dart:7846:37 - deprecated_member_use
warning - The declaration '_campo' isn't referenced - lib\pantallas\autenticacion\home_conductor.dart:7862:10 - unused_element
   info - 'withOpacity' is deprecated and shouldn't be used. Use .withValues() to avoid precision loss - lib\pantallas\autenticacion\home_conductor.dart:7871:33 - deprecated_member_use
   info - 'activeColor' is deprecated and shouldn't be used. Use activeThumbColor instead. This feature was deprecated after v3.31.0-2.0.pre - lib\pantallas\autenticacion\home_conductor.dart:8043:9 - deprecated_member_use
warning - The value of the local variable 'autoPause' isn't used - lib\pantallas\autenticacion\home_conductor.dart:8101:14 - unused_local_variable
   info - 'activeColor' is deprecated and shouldn't be used. Use activeThumbColor instead. This feature was deprecated after v3.31.0-2.0.pre - lib\pantallas\autenticacion\home_conductor.dart:8191:25 - deprecated_member_use
warning - The declaration '_LegendRow' isn't referenced - lib\pantallas\autenticacion\home_conductor.dart:8373:7 - unused_element

233 issues found. (ran in 1.6s)
