Flutter crash report.
Please report a bug at https://github.com/flutter/flutter/issues.

## command

flutter --quiet assemble --no-version-check --depfile E:\copia de seguridad\taxi_sabana\build\app\intermediates\flutter\release/flutter_build.d --output E:\copia de seguridad\taxi_sabana\build\app\intermediates\flutter\release -dTargetFile=lib\main.dart -dTargetPlatform=android -dBuildMode=release -dTrackWidgetCreation=true -dTreeShakeIcons=true --DartDefines=RkxVVFRFUl9WRVJTSU9OPTMuMzguNA==,RkxVVFRFUl9DSEFOTkVMPXN0YWJsZQ==,RkxVVFRFUl9HSVRfVVJMPWh0dHBzOi8vZ2l0aHViLmNvbS9mbHV0dGVyL2ZsdXR0ZXIuZ2l0,RkxVVFRFUl9GUkFNRVdPUktfUkVWSVNJT049NjZkZDkzZjlhMg==,RkxVVFRFUl9FTkdJTkVfUkVWSVNJT049YTVjYjk2MzY5ZQ==,RkxVVFRFUl9EQVJUX1ZFUlNJT049My4xMC4z -dFlavor= -dAndroidArchs=android-arm android-arm64 android-x64 -dMinSdkVersion=24 android_aot_bundle_release_android-arm android_aot_bundle_release_android-arm64 android_aot_bundle_release_android-x64

## exception

FileSystemException: FileSystemException: Cannot resolve symbolic links, path = 'E:\copia de seguridad\taxi_sabana\.dart_tool\flutter_build\93c6be8bf8d0661e568f8550fe3eee75' (OS Error: El sistema no puede encontrar el archivo especificado.
, errno = 2)

```
#0      FileSystemEntity._throwIfError (dart:io/file_system_entity.dart:889:7)
#1      FileSystemEntity.resolveSymbolicLinksSync (dart:io/file_system_entity.dart:375:5)
#2      ForwardingFileSystemEntity.resolveSymbolicLinksSync (package:file/src/forwarding/forwarding_file_system_entity.dart:56:49)
#3      ForwardingFileSystemEntity.resolveSymbolicLinksSync (package:file/src/forwarding/forwarding_file_system_entity.dart:56:49)
#4      SourceVisitor.visitPattern (package:flutter_tools/src/build_system/source.dart:121:61)
#5      _PatternSource.accept (package:flutter_tools/src/build_system/source.dart:295:49)
#6      Target._resolveConfiguration (package:flutter_tools/src/build_system/build_system.dart:249:14)
#7      Target.resolveInputs (package:flutter_tools/src/build_system/build_system.dart:198:12)
#8      Target._toNode (package:flutter_tools/src/build_system/build_system.dart:162:39)
#9      Target._toNode (package:flutter_tools/src/build_system/build_system.dart:168:63)
#10     FlutterBuildSystem.build (package:flutter_tools/src/build_system/build_system.dart:642:30)
#11     AssembleCommand.runCommand (package:flutter_tools/src/commands/assemble.dart:361:51)
#12     FlutterCommand.verifyThenRunCommand (package:flutter_tools/src/runner/flutter_command.dart:1885:12)
<asynchronous suspension>
#13     FlutterCommand.run.<anonymous closure> (package:flutter_tools/src/runner/flutter_command.dart:1559:27)
<asynchronous suspension>
#14     AppContext.run.<anonymous closure> (package:flutter_tools/src/base/context.dart:154:19)
<asynchronous suspension>
#15     CommandRunner.runCommand (package:args/command_runner.dart:212:13)
<asynchronous suspension>
#16     FlutterCommandRunner.runCommand.<anonymous closure> (package:flutter_tools/src/runner/flutter_command_runner.dart:487:9)
<asynchronous suspension>
#17     AppContext.run.<anonymous closure> (package:flutter_tools/src/base/context.dart:154:19)
<asynchronous suspension>
#18     FlutterCommandRunner.runCommand (package:flutter_tools/src/runner/flutter_command_runner.dart:422:5)
<asynchronous suspension>
#19     run.<anonymous closure>.<anonymous closure> (package:flutter_tools/runner.dart:104:11)
<asynchronous suspension>
#20     AppContext.run.<anonymous closure> (package:flutter_tools/src/base/context.dart:154:19)
<asynchronous suspension>
#21     main (package:flutter_tools/executable.dart:103:3)
<asynchronous suspension>
```

## flutter doctor

```
[✓] Flutter (Channel stable, 3.38.4, on Microsoft Windows [Versi¢n 10.0.26200.7462], locale es-CO) [709ms]
    • Flutter version 3.38.4 on channel stable at C:\src\flutter
    • Upstream repository https://github.com/flutter/flutter.git
    • Framework revision 66dd93f9a2 (4 weeks ago), 2025-12-03 14:56:10 -0800
    • Engine revision a5cb96369e
    • Dart version 3.10.3
    • DevTools version 2.51.1
    • Feature flags: enable-web, enable-linux-desktop, enable-macos-desktop, enable-windows-desktop, enable-android, enable-ios, cli-animations, enable-native-assets, omit-legacy-version-file, enable-lldb-debugging

[✓] Windows Version (11 Pro 64-bit, 25H2, 2009) [2,2s]

[✓] Android toolchain - develop for Android devices (Android SDK version 36.0.0) [23,9s]
    • Android SDK at C:\Users\JoshuaGamingTV\AppData\Local\Android\sdk
    • Emulator version 36.1.9.0 (build_id 13823996) (CL:N/A)
    • Platform android-36, build-tools 36.0.0
    • Java binary at: C:\Program Files\Android\Android Studio\jbr\bin\java
      This JDK is specified in your Flutter configuration.
      To change the current JDK, run: `flutter config --jdk-dir="path/to/jdk"`.
    • Java version OpenJDK Runtime Environment (build 21.0.8+-14196175-b1038.72)
    • All Android licenses accepted.

[✓] Chrome - develop for the web [427ms]
    • Chrome at C:\Program Files\Google\Chrome\Application\chrome.exe

[✗] Visual Studio - develop Windows apps [426ms]
    ✗ Visual Studio not installed; this is necessary to develop Windows apps.
      Download at https://visualstudio.microsoft.com/downloads/.
      Please install the "Desktop development with C++" workload, including all of its default components

[✓] Connected device (4 available) [533ms]
    • SM G991B (mobile) • R5CR117F3MK • android-arm64  • Android 15 (API 35)
    • Windows (desktop) • windows     • windows-x64    • Microsoft Windows [Versi¢n 10.0.26200.7462]
    • Chrome (web)      • chrome      • web-javascript • Google Chrome 143.0.7499.170
    • Edge (web)        • edge        • web-javascript • Microsoft Edge 143.0.3650.96

[✓] Network resources [588ms]
    • All expected network resources are available.

! Doctor found issues in 1 category.
```
